<?xml version="1.0" encoding="UTF-8"?>
<testsuites name="jest tests" tests="29" failures="0" errors="0" time="9.262">
  <testsuite name="CLT" errors="0" failures="0" skipped="0" timestamp="2025-01-15T23:21:04" time="7.27" tests="15">
    <testcase classname="CLT Inicializar" name="CLT Inicializar" time="0.009">
    </testcase>
    <testcase classname="CLT vlSalarioLiquido - 11960" name="CLT vlSalarioLiquido - 11960" time="0.01">
    </testcase>
    <testcase classname="CLT vlImpostoInss - 11960" name="CLT vlImpostoInss - 11960" time="0.005">
    </testcase>
    <testcase classname="CLT vlImpostoIrpf - 11960" name="CLT vlImpostoIrpf - 11960" time="0.001">
    </testcase>
    <testcase classname="CLT faixasInss.size" name="CLT faixasInss.size" time="0.001">
    </testcase>
    <testcase classname="CLT faixasIrpf.size" name="CLT faixasIrpf.size" time="0">
    </testcase>
    <testcase classname="CLT calcularImpostosFaixas" name="CLT calcularImpostosFaixas" time="0.006">
    </testcase>
    <testcase classname="CLT calcularInss" name="CLT calcularInss" time="0.001">
    </testcase>
    <testcase classname="CLT calcularInss" name="CLT calcularInss" time="0.001">
    </testcase>
    <testcase classname="CLT calcularInss" name="CLT calcularInss" time="0.001">
    </testcase>
    <testcase classname="CLT calcularInss" name="CLT calcularInss" time="0.001">
    </testcase>
    <testcase classname="CLT calcularIrpf" name="CLT calcularIrpf" time="0.002">
    </testcase>
    <testcase classname="CLT calcularIrpf" name="CLT calcularIrpf" time="0.002">
    </testcase>
    <testcase classname="CLT calcularIrpf" name="CLT calcularIrpf" time="0.001">
    </testcase>
    <testcase classname="CLT calcularIrpf" name="CLT calcularIrpf" time="0.001">
    </testcase>
  </testsuite>
  <testsuite name="CLT" errors="0" failures="0" skipped="0" timestamp="2025-01-15T23:21:04" time="7.27" tests="11">
    <testcase classname="CLT Inicializar" name="CLT Inicializar" time="0.01">
    </testcase>
    <testcase classname="CLT insertAtEnd" name="CLT insertAtEnd" time="0.001">
    </testcase>
    <testcase classname="CLT insertAtEnd - check inserteds" name="CLT insertAtEnd - check inserteds" time="0">
    </testcase>
    <testcase classname="CLT insertInBegin" name="CLT insertInBegin" time="0.002">
    </testcase>
    <testcase classname="CLT insertInBegin - check inserteds" name="CLT insertInBegin - check inserteds" time="0.001">
    </testcase>
    <testcase classname="CLT deleteNode - check ddeleteds" name="CLT deleteNode - check ddeleteds" time="0.001">
    </testcase>
    <testcase classname="CLT traverse - convert to empty array like and check" name="CLT traverse - convert to empty array like and check" time="0.001">
    </testcase>
    <testcase classname="CLT traverse - convert to array like and check" name="CLT traverse - convert to array like and check" time="0.001">
    </testcase>
    <testcase classname="CLT traverse - convert to array like and check" name="CLT traverse - convert to array like and check" time="0.001">
    </testcase>
    <testcase classname="CLT Iterator - check is has items for interator" name="CLT Iterator - check is has items for interator" time="0.004">
    </testcase>
    <testcase classname="CLT clear - Check clearing list" name="CLT clear - Check clearing list" time="0.003">
    </testcase>
  </testsuite>
  <testsuite name="Faixa" errors="0" failures="0" skipped="0" timestamp="2025-01-15T23:21:11" time="1.416" tests="3">
    <testcase classname="Faixa Inicializar" name="Faixa Inicializar" time="0.001">
    </testcase>
    <testcase classname="Faixa aliquota" name="Faixa aliquota" time="0.001">
    </testcase>
    <testcase classname="Faixa valorMaximo" name="Faixa valorMaximo" time="0">
    </testcase>
  </testsuite>
</testsuites>